// Jest Snapshot v1, https://goo.gl/fbAQLP

exports[`VoxelTree builds kdtree from a lot of voxels: buildVoxelTree(monu0.vox) 1`] = `
VoxelTree {
  "axis": "x",
  "depth": 0,
  "leftChild": undefined,
  "offset": 0,
  "rightChild": VoxelTree {
    "axis": "y",
    "depth": 1,
    "leftChild": VoxelTree {
      "axis": "z",
      "depth": 2,
      "leftChild": undefined,
      "offset": 0,
      "rightChild": VoxelTree {
        "axis": "x",
        "depth": 3,
        "leftChild": undefined,
        "offset": 0,
        "rightChild": VoxelTree {
          "axis": "y",
          "depth": 4,
          "leftChild": undefined,
          "offset": 0,
          "rightChild": VoxelTree {
            "axis": "z",
            "depth": 5,
            "leftChild": undefined,
            "offset": 0,
            "rightChild": VoxelTree {
              "axis": "x",
              "depth": 6,
              "leftChild": undefined,
              "offset": 0,
              "rightChild": undefined,
              "size": 248,
              "threshold": 8,
            },
            "size": 248,
            "threshold": 16,
          },
          "size": 248,
          "threshold": 16,
        },
        "size": 248,
        "threshold": 16,
      },
      "size": 248,
      "threshold": 32,
    },
    "offset": 0,
    "rightChild": VoxelTree {
      "axis": "z",
      "depth": 2,
      "leftChild": VoxelTree {
        "axis": "x",
        "depth": 3,
        "leftChild": undefined,
        "offset": 248,
        "rightChild": VoxelTree {
          "axis": "y",
          "depth": 4,
          "leftChild": undefined,
          "offset": 248,
          "rightChild": VoxelTree {
            "axis": "z",
            "depth": 5,
            "leftChild": undefined,
            "offset": 248,
            "rightChild": VoxelTree {
              "axis": "x",
              "depth": 6,
              "leftChild": undefined,
              "offset": 248,
              "rightChild": undefined,
              "size": 548,
              "threshold": 8,
            },
            "size": 548,
            "threshold": 16,
          },
          "size": 548,
          "threshold": 16,
        },
        "size": 548,
        "threshold": 16,
      },
      "offset": 248,
      "rightChild": VoxelTree {
        "axis": "x",
        "depth": 3,
        "leftChild": undefined,
        "offset": 796,
        "rightChild": VoxelTree {
          "axis": "y",
          "depth": 4,
          "leftChild": undefined,
          "offset": 796,
          "rightChild": VoxelTree {
            "axis": "z",
            "depth": 5,
            "leftChild": undefined,
            "offset": 796,
            "rightChild": VoxelTree {
              "axis": "x",
              "depth": 6,
              "leftChild": undefined,
              "offset": 796,
              "rightChild": undefined,
              "size": 11921,
              "threshold": 8,
            },
            "size": 11921,
            "threshold": 16,
          },
          "size": 11921,
          "threshold": 16,
        },
        "size": 11921,
        "threshold": 16,
      },
      "size": 12469,
      "threshold": 32,
    },
    "size": 12717,
    "threshold": 32,
  },
  "size": 12717,
  "threshold": 32,
}
`;

exports[`VoxelTree builds kdtree from few voxels: buildVoxelTree(chrFox.vox) 1`] = `
VoxelTree {
  "axis": "x",
  "depth": 0,
  "leftChild": undefined,
  "offset": 0,
  "rightChild": undefined,
  "size": 565,
  "threshold": 8,
}
`;

exports[`VoxelTree builds kdtree from quite a lot of voxels: buildVoxelTree(monu8.vox) 1`] = `
VoxelTree {
  "axis": "x",
  "depth": 0,
  "leftChild": VoxelTree {
    "axis": "y",
    "depth": 1,
    "leftChild": VoxelTree {
      "axis": "z",
      "depth": 2,
      "leftChild": VoxelTree {
        "axis": "x",
        "depth": 3,
        "leftChild": VoxelTree {
          "axis": "y",
          "depth": 4,
          "leftChild": VoxelTree {
            "axis": "z",
            "depth": 5,
            "leftChild": VoxelTree {
              "axis": "x",
              "depth": 6,
              "leftChild": undefined,
              "offset": 0,
              "rightChild": undefined,
              "size": 2366,
              "threshold": 8,
            },
            "offset": 0,
            "rightChild": VoxelTree {
              "axis": "x",
              "depth": 6,
              "leftChild": undefined,
              "offset": 2366,
              "rightChild": undefined,
              "size": 1352,
              "threshold": 8,
            },
            "size": 3718,
            "threshold": 16,
          },
          "offset": 0,
          "rightChild": VoxelTree {
            "axis": "z",
            "depth": 5,
            "leftChild": VoxelTree {
              "axis": "x",
              "depth": 6,
              "leftChild": undefined,
              "offset": 3718,
              "rightChild": undefined,
              "size": 2912,
              "threshold": 8,
            },
            "offset": 3718,
            "rightChild": VoxelTree {
              "axis": "x",
              "depth": 6,
              "leftChild": undefined,
              "offset": 6630,
              "rightChild": undefined,
              "size": 1664,
              "threshold": 8,
            },
            "size": 4576,
            "threshold": 16,
          },
          "size": 8294,
          "threshold": 16,
        },
        "offset": 0,
        "rightChild": VoxelTree {
          "axis": "y",
          "depth": 4,
          "leftChild": VoxelTree {
            "axis": "z",
            "depth": 5,
            "leftChild": VoxelTree {
              "axis": "x",
              "depth": 6,
              "leftChild": undefined,
              "offset": 8294,
              "rightChild": undefined,
              "size": 2912,
              "threshold": 8,
            },
            "offset": 8294,
            "rightChild": VoxelTree {
              "axis": "x",
              "depth": 6,
              "leftChild": undefined,
              "offset": 11206,
              "rightChild": undefined,
              "size": 1664,
              "threshold": 8,
            },
            "size": 4576,
            "threshold": 16,
          },
          "offset": 8294,
          "rightChild": VoxelTree {
            "axis": "z",
            "depth": 5,
            "leftChild": VoxelTree {
              "axis": "x",
              "depth": 6,
              "leftChild": undefined,
              "offset": 12870,
              "rightChild": undefined,
              "size": 3584,
              "threshold": 8,
            },
            "offset": 12870,
            "rightChild": VoxelTree {
              "axis": "x",
              "depth": 6,
              "leftChild": undefined,
              "offset": 16454,
              "rightChild": undefined,
              "size": 2052,
              "threshold": 8,
            },
            "size": 5636,
            "threshold": 16,
          },
          "size": 10212,
          "threshold": 16,
        },
        "size": 18506,
        "threshold": 16,
      },
      "offset": 0,
      "rightChild": VoxelTree {
        "axis": "x",
        "depth": 3,
        "leftChild": undefined,
        "offset": 18506,
        "rightChild": VoxelTree {
          "axis": "y",
          "depth": 4,
          "leftChild": undefined,
          "offset": 18506,
          "rightChild": VoxelTree {
            "axis": "z",
            "depth": 5,
            "leftChild": undefined,
            "offset": 18506,
            "rightChild": VoxelTree {
              "axis": "x",
              "depth": 6,
              "leftChild": undefined,
              "offset": 18506,
              "rightChild": undefined,
              "size": 108,
              "threshold": 8,
            },
            "size": 108,
            "threshold": 16,
          },
          "size": 108,
          "threshold": 16,
        },
        "size": 108,
        "threshold": 16,
      },
      "size": 18614,
      "threshold": 32,
    },
    "offset": 0,
    "rightChild": VoxelTree {
      "axis": "z",
      "depth": 2,
      "leftChild": VoxelTree {
        "axis": "x",
        "depth": 3,
        "leftChild": VoxelTree {
          "axis": "y",
          "depth": 4,
          "leftChild": undefined,
          "offset": 18614,
          "rightChild": VoxelTree {
            "axis": "z",
            "depth": 5,
            "leftChild": VoxelTree {
              "axis": "x",
              "depth": 6,
              "leftChild": undefined,
              "offset": 18614,
              "rightChild": undefined,
              "size": 12740,
              "threshold": 8,
            },
            "offset": 18614,
            "rightChild": VoxelTree {
              "axis": "x",
              "depth": 6,
              "leftChild": undefined,
              "offset": 31354,
              "rightChild": undefined,
              "size": 7280,
              "threshold": 8,
            },
            "size": 20020,
            "threshold": 16,
          },
          "size": 20020,
          "threshold": 16,
        },
        "offset": 18614,
        "rightChild": VoxelTree {
          "axis": "y",
          "depth": 4,
          "leftChild": undefined,
          "offset": 38634,
          "rightChild": VoxelTree {
            "axis": "z",
            "depth": 5,
            "leftChild": VoxelTree {
              "axis": "x",
              "depth": 6,
              "leftChild": undefined,
              "offset": 38634,
              "rightChild": undefined,
              "size": 15680,
              "threshold": 8,
            },
            "offset": 38634,
            "rightChild": VoxelTree {
              "axis": "x",
              "depth": 6,
              "leftChild": undefined,
              "offset": 54314,
              "rightChild": undefined,
              "size": 10463,
              "threshold": 8,
            },
            "size": 26143,
            "threshold": 16,
          },
          "size": 26143,
          "threshold": 16,
        },
        "size": 46163,
        "threshold": 16,
      },
      "offset": 18614,
      "rightChild": VoxelTree {
        "axis": "x",
        "depth": 3,
        "leftChild": undefined,
        "offset": 64777,
        "rightChild": VoxelTree {
          "axis": "y",
          "depth": 4,
          "leftChild": undefined,
          "offset": 64777,
          "rightChild": VoxelTree {
            "axis": "z",
            "depth": 5,
            "leftChild": undefined,
            "offset": 64777,
            "rightChild": VoxelTree {
              "axis": "x",
              "depth": 6,
              "leftChild": undefined,
              "offset": 64777,
              "rightChild": undefined,
              "size": 3350,
              "threshold": 8,
            },
            "size": 3350,
            "threshold": 16,
          },
          "size": 3350,
          "threshold": 16,
        },
        "size": 3350,
        "threshold": 16,
      },
      "size": 49513,
      "threshold": 32,
    },
    "size": 68127,
    "threshold": 32,
  },
  "offset": 0,
  "rightChild": VoxelTree {
    "axis": "y",
    "depth": 1,
    "leftChild": VoxelTree {
      "axis": "z",
      "depth": 2,
      "leftChild": VoxelTree {
        "axis": "x",
        "depth": 3,
        "leftChild": undefined,
        "offset": 68127,
        "rightChild": VoxelTree {
          "axis": "y",
          "depth": 4,
          "leftChild": VoxelTree {
            "axis": "z",
            "depth": 5,
            "leftChild": VoxelTree {
              "axis": "x",
              "depth": 6,
              "leftChild": undefined,
              "offset": 68127,
              "rightChild": undefined,
              "size": 12740,
              "threshold": 8,
            },
            "offset": 68127,
            "rightChild": VoxelTree {
              "axis": "x",
              "depth": 6,
              "leftChild": undefined,
              "offset": 80867,
              "rightChild": undefined,
              "size": 7280,
              "threshold": 8,
            },
            "size": 20020,
            "threshold": 16,
          },
          "offset": 68127,
          "rightChild": VoxelTree {
            "axis": "z",
            "depth": 5,
            "leftChild": VoxelTree {
              "axis": "x",
              "depth": 6,
              "leftChild": undefined,
              "offset": 88147,
              "rightChild": undefined,
              "size": 15680,
              "threshold": 8,
            },
            "offset": 88147,
            "rightChild": VoxelTree {
              "axis": "x",
              "depth": 6,
              "leftChild": undefined,
              "offset": 103827,
              "rightChild": undefined,
              "size": 11583,
              "threshold": 8,
            },
            "size": 27263,
            "threshold": 16,
          },
          "size": 47283,
          "threshold": 16,
        },
        "size": 47283,
        "threshold": 16,
      },
      "offset": 68127,
      "rightChild": VoxelTree {
        "axis": "x",
        "depth": 3,
        "leftChild": undefined,
        "offset": 115410,
        "rightChild": VoxelTree {
          "axis": "y",
          "depth": 4,
          "leftChild": undefined,
          "offset": 115410,
          "rightChild": VoxelTree {
            "axis": "z",
            "depth": 5,
            "leftChild": undefined,
            "offset": 115410,
            "rightChild": VoxelTree {
              "axis": "x",
              "depth": 6,
              "leftChild": undefined,
              "offset": 115410,
              "rightChild": undefined,
              "size": 6077,
              "threshold": 8,
            },
            "size": 6077,
            "threshold": 16,
          },
          "size": 6077,
          "threshold": 16,
        },
        "size": 6077,
        "threshold": 16,
      },
      "size": 53360,
      "threshold": 32,
    },
    "offset": 68127,
    "rightChild": VoxelTree {
      "axis": "z",
      "depth": 2,
      "leftChild": VoxelTree {
        "axis": "x",
        "depth": 3,
        "leftChild": undefined,
        "offset": 121487,
        "rightChild": VoxelTree {
          "axis": "y",
          "depth": 4,
          "leftChild": undefined,
          "offset": 121487,
          "rightChild": VoxelTree {
            "axis": "z",
            "depth": 5,
            "leftChild": VoxelTree {
              "axis": "x",
              "depth": 6,
              "leftChild": undefined,
              "offset": 121487,
              "rightChild": undefined,
              "size": 68600,
              "threshold": 8,
            },
            "offset": 121487,
            "rightChild": VoxelTree {
              "axis": "x",
              "depth": 6,
              "leftChild": undefined,
              "offset": 190087,
              "rightChild": undefined,
              "size": 47808,
              "threshold": 8,
            },
            "size": 116408,
            "threshold": 16,
          },
          "size": 116408,
          "threshold": 16,
        },
        "size": 116408,
        "threshold": 16,
      },
      "offset": 121487,
      "rightChild": VoxelTree {
        "axis": "x",
        "depth": 3,
        "leftChild": undefined,
        "offset": 237895,
        "rightChild": VoxelTree {
          "axis": "y",
          "depth": 4,
          "leftChild": undefined,
          "offset": 237895,
          "rightChild": VoxelTree {
            "axis": "z",
            "depth": 5,
            "leftChild": undefined,
            "offset": 237895,
            "rightChild": VoxelTree {
              "axis": "x",
              "depth": 6,
              "leftChild": undefined,
              "offset": 237895,
              "rightChild": undefined,
              "size": 39139,
              "threshold": 8,
            },
            "size": 39139,
            "threshold": 16,
          },
          "size": 39139,
          "threshold": 16,
        },
        "size": 39139,
        "threshold": 16,
      },
      "size": 155547,
      "threshold": 32,
    },
    "size": 208907,
    "threshold": 32,
  },
  "size": 277034,
  "threshold": 32,
}
`;
